// Jest Snapshot v1, https://goo.gl/fbAQLP

exports[`<Loading /> tests Snapshots Should render 1`] = `
<DocumentFragment>
  <div
    class="loading"
  >
    <img
      alt="Loading..."
      class="loading__logo"
      src="logo.svg"
    />
  </div>
</DocumentFragment>
`;
