// Jest Snapshot v1, https://goo.gl/fbAQLP

exports[`<Background /> tests Snapshots Should render 1`] = `
<DocumentFragment>
  <div
    class="background"
    style="background-image: url(undefined);"
  >
    <div
      class="background__opacity"
    />
  </div>
  <div
    class="content"
  />
</DocumentFragment>
`;
