// Jest Snapshot v1, https://goo.gl/fbAQLP

exports[`<Detail /> tests Snapshots Should render 1`] = `
<DocumentFragment>
  <div
    class="detail"
  >
    <img />
    <div
      class="detail__info"
    >
      <h2 />
      <p>
        No description available
      </p>
    </div>
  </div>
</DocumentFragment>
`;
